

Building a new DB, current time: 03/30/2026 11:30:38
New DB name:   /home/ronan/miniforge3/envs/abricate/db/ncbi/sequences
New DB title:  ncbi
Sequence type: Nucleotide
Deleted existing Nucleotide BLAST database named /home/ronan/miniforge3/envs/abricate/db/ncbi/sequences
Keep MBits: T
Maximum file size: 3000000000B
BLAST options error: File /home/ronan/miniforge3/envs/abricate/db/ncbi/sequences is empty


Building a new DB, current time: 03/30/2026 11:38:31
New DB name:   /home/ronan/miniforge3/envs/abricate/db/ncbi/sequences
New DB title:  ncbi
Sequence type: Nucleotide
Keep MBits: T
Maximum file size: 3000000000B
BLAST options error: File /home/ronan/miniforge3/envs/abricate/db/ncbi/sequences is empty


Building a new DB, current time: 03/30/2026 11:51:41
New DB name:   /home/ronan/miniforge3/envs/abricate/db/ncbi/sequences
New DB title:  ncbi
Sequence type: Nucleotide
Deleted existing Nucleotide BLAST database named /home/ronan/miniforge3/envs/abricate/db/ncbi/sequences
Keep MBits: T
Maximum file size: 3000000000B
Adding sequences from FASTA; added 8232 sequences in 0.11996 seconds.




Building a new DB, current time: 03/30/2026 12:09:02
New DB name:   /home/ronan/miniforge3/envs/abricate/db/ncbi/sequences
New DB title:  ncbi
Sequence type: Nucleotide
Deleted existing Nucleotide BLAST database named /home/ronan/miniforge3/envs/abricate/db/ncbi/sequences
Keep MBits: T
Maximum file size: 3000000000B
Adding sequences from FASTA; added 8232 sequences in 0.123252 seconds.




Building a new DB, current time: 03/30/2026 12:12:13
New DB name:   /home/ronan/miniforge3/envs/abricate/db/ncbi/sequences
New DB title:  ncbi
Sequence type: Nucleotide
Deleted existing Nucleotide BLAST database named /home/ronan/miniforge3/envs/abricate/db/ncbi/sequences
Keep MBits: T
Maximum file size: 3000000000B
Adding sequences from FASTA; added 8271 sequences in 0.119065 seconds.




Building a new DB, current time: 03/30/2026 12:22:34
New DB name:   /home/ronan/miniforge3/envs/abricate/db/ncbi/sequences
New DB title:  ncbi
Sequence type: Nucleotide
Deleted existing Nucleotide BLAST database named /home/ronan/miniforge3/envs/abricate/db/ncbi/sequences
Keep MBits: T
Maximum file size: 3000000000B
Adding sequences from FASTA; added 8232 sequences in 0.11601 seconds.




Building a new DB, current time: 03/30/2026 12:24:13
New DB name:   /home/ronan/miniforge3/envs/abricate/db/ncbi/sequences
New DB title:  ncbi
Sequence type: Nucleotide
Deleted existing Nucleotide BLAST database named /home/ronan/miniforge3/envs/abricate/db/ncbi/sequences
Keep MBits: T
Maximum file size: 3000000000B
Adding sequences from FASTA; added 8232 sequences in 0.117641 seconds.




Building a new DB, current time: 03/30/2026 13:24:03
New DB name:   /home/ronan/miniforge3/envs/abricate/db/ncbi/sequences
New DB title:  ncbi
Sequence type: Nucleotide
Deleted existing Nucleotide BLAST database named /home/ronan/miniforge3/envs/abricate/db/ncbi/sequences
Keep MBits: T
Maximum file size: 3000000000B
Adding sequences from FASTA; added 1119 sequences in 0.0217741 seconds.




Building a new DB, current time: 03/30/2026 13:31:08
New DB name:   /home/ronan/miniforge3/envs/abricate/db/ncbi/sequences
New DB title:  ncbi
Sequence type: Nucleotide
Deleted existing Nucleotide BLAST database named /home/ronan/miniforge3/envs/abricate/db/ncbi/sequences
Keep MBits: T
Maximum file size: 3000000000B
Adding sequences from FASTA; added 6302 sequences in 0.0939069 seconds.




Building a new DB, current time: 03/30/2026 13:45:20
New DB name:   /home/ronan/miniforge3/envs/abricate/db/ncbi/sequences
New DB title:  ncbi
Sequence type: Nucleotide
Deleted existing Nucleotide BLAST database named /home/ronan/miniforge3/envs/abricate/db/ncbi/sequences
Keep MBits: T
Maximum file size: 3000000000B
Adding sequences from FASTA; added 8232 sequences in 0.11362 seconds.


